Microchip MPLAB XC8 Compiler V2.46

Linker command line:

-W-3 \
  --edf=C:\Program Files\Microchip\xc8\v2.46\pic\dat\20240104201356_en.msgs \
  -cn -h+dist/pro/debug\pic18f47q10-adc-computation-modes-mplab.X.debug.sym \
  --cmf=dist/pro/debug\pic18f47q10-adc-computation-modes-mplab.X.debug.cmf \
  -z -Q18F47Q10 \
  -oC:\Users\I76627\AppData\Local\Temp\xcAs2co.\driver_tmp_3.o \
  --defsym=__MPLAB_BUILD=1 --fixupoverflow=error \
  -Mdist/pro/debug/pic18f47q10-adc-computation-modes-mplab.X.debug.map \
  --md=C:\Users\I76627\AppData\Local\Temp\xcAs2co.\driver_tmp_0.dat -E1 \
  -ver=XC8 Compiler --acfsm=1493 -ACODE=00h-01FFFFh -ACONST=00h-01FFFFh \
  -ASMALLCONST=0F00h-0FFFhx497 -AMEDIUMCONST=0F00h-0FFFFh,010F00h-01FFFFh \
  -ACOMRAM=01h-05Fh -AABS1=00h-0CFFh,0E00h-0E1Eh \
  -ABIGRAM=01h-0CFFh,0E00h-0E1Eh -ARAM=060h-0FFh,0100h-01FFhx12,0E00h-0E1Eh \
  -ABANK0=060h-0FFh -ABANK1=0100h-01FFh -ABANK2=0200h-02FFh \
  -ABANK3=0300h-03FFh -ABANK4=0400h-04FFh -ABANK5=0500h-05FFh \
  -ABANK6=0600h-06FFh -ABANK7=0700h-07FFh -ABANK8=0800h-08FFh \
  -ABANK9=0900h-09FFh -ABANK10=0A00h-0AFFh -ABANK11=0B00h-0BFFh \
  -ABANK12=0C00h-0CFFh -ABANK14=0E00h-0E1Eh \
  -ASFR=0D00h-0DFFh,0E1Fh-0EFFh,0F00h-0F5Fh,0F60h-0FFFh \
  -ABIGSFR=0D00h-0DFFh,0E1Fh-0FFFh -ACONFIG=0300000h-030000Bh \
  -AIDLOC=0200000h-02000FFh -AEEDATA=0310000h-03103FFh -peeprom_data=EEDATA \
  -preset_vec=00h,intcode=8h,intcodelo,powerup,init -pramtop=0F00h \
  -psmallconst=SMALLCONST -pmediumconst=MEDIUMCONST -pconst=CONST \
  -AFARRAM=00h-00h \
  -prdata=COMRAM,nvrram=COMRAM,nvbit=COMRAM,rbss=COMRAM,rbit=COMRAM \
  -pfarbss=FARRAM,fardata=FARRAM,nvFARRAM=FARRAM \
  -pintsave_regs=BIGRAM,bigbss=BIGRAM,bigdata=BIGRAM -pbss=RAM \
  -pidata=CODE,irdata=CODE,ibigdata=CODE,ifardata=CODE -prparam=COMRAM \
  C:\Users\I76627\AppData\Local\Temp\xcAs2co.\driver_tmp_14.o \
  dist/pro/debug\pic18f47q10-adc-computation-modes-mplab.X.debug.o 

Object code version is 3.11

Machine type is 18F47Q10



                Name                               Link     Load   Length Selector   Space Scale
C:\Users\I76627\AppData\Local\Temp\xcAs2co.\driver_tmp_14.o
                config                           300000   300000        C        0       4
                init                                 46       46        4        4       0
                reset_vec                             0        0        4        0       0
dist/pro/debug\pic18f47q10-adc-computation-modes-mplab.X.debug.o
                intcode                               8        8       3E        4       0
                config                           300000   300000        C        0       4
                temp                                 55       55        1        1       1
                mediumconst                        FEFC     FEFC      104     7F7E       0
                text49                            10A14    10A14        6     8000       0
                text48                            10A36    10A36        2     8000       0
                text47                            108BC    108BC       20     8000       0
                text46                            10A34    10A34        2     8000       0
                text45                            10A32    10A32        2     8000       0
                text44                            10A30    10A30        2     8000       0
                text43                            10A0E    10A0E        6     8000       0
                text42                            1089C    1089C       20     8000       0
                text40                            10A08    10A08        6     8000       0
                text39                            10A02    10A02        6     8000       0
                text38                            108F8    108F8       1C     8000       0
                text37                            109DC    109DC        A     8000       0
                text36                            10852    10852       28     8000       0
                text35                            109A2    109A2       10     8000       0
                text34                            109EE    109EE        8     8000       0
                text33                            109FC    109FC        6     8000       0
                text32                            109F6    109F6        6     8000       0
                text31                            10A26    10A26        4     8000       0
                text30                            10A22    10A22        4     8000       0
                text29                            10A1E    10A1E        4     8000       0
                text28                            10A1A    10A1A        4     8000       0
                text27                            105B4    105B4       78     8000       0
                text26                            1062C    1062C       68     8000       0
                text25                            1082A    1082A       28     8000       0
                text24                            10980    10980       12     8000       0
                text23                            109E6    109E6        8     8000       0
                text22                            10992    10992       10     8000       0
                text21                            104A8    104A8       8A     8000       0
                text20                            10374    10374      134     8000       0
                text19                            10774    10774       32     8000       0
                text18                            10944    10944       18     8000       0
                text17                            10000    10000      374     8000       0
                text16                            109CE    109CE        E     8000       0
                text15                            106E8    106E8       4A     8000       0
                text14                            1096E    1096E       12     8000       0
                text13                            1092C    1092C       18     8000       0
                text12                            10914    10914       18     8000       0
                text11                            107D4    107D4       2C     8000       0
                text10                            10A2E    10A2E        2     8000       0
                text9                             10A2C    10A2C        2     8000       0
                text8                             10A2A    10A2A        2     8000       0
                text7                             107A6    107A6       2E     8000       0
                text6                             10532    10532       82     8000       0
                text5                             1087A    1087A       22     8000       0
                text4                             109C0    109C0        E     8000       0
                text3                             109B2    109B2        E     8000       0
                text2                             10800    10800       2A     8000       0
                text1                             108DC    108DC       1C     8000       0
                text0                             10694    10694       54     8000       0
                cstackCOMRAM                          1        1       2B        1       1
                bssBANK0                             60       60       20       60       1
                dataCOMRAM                           40       40       12        1       1
                bssCOMRAM                            2C       2C       14        1       1
                cinit                             10732    10732       42     8000       0
                nvCOMRAM                             52       52        3        1       1
                idataCOMRAM                       1095C    1095C       12     8000       0

TOTAL           Name                               Link     Load   Length     Space
        CLASS   CODE           
                intcode                               8        8       3E         0
                init                                 46       46        4         0
                reset_vec                             0        0        4         0
                text49                            10A14    10A14        6         0
                text48                            10A36    10A36        2         0
                text47                            108BC    108BC       20         0
                text46                            10A34    10A34        2         0
                text45                            10A32    10A32        2         0
                text44                            10A30    10A30        2         0
                text43                            10A0E    10A0E        6         0
                text42                            1089C    1089C       20         0
                text40                            10A08    10A08        6         0
                text39                            10A02    10A02        6         0
                text38                            108F8    108F8       1C         0
                text37                            109DC    109DC        A         0
                text36                            10852    10852       28         0
                text35                            109A2    109A2       10         0
                text34                            109EE    109EE        8         0
                text33                            109FC    109FC        6         0
                text32                            109F6    109F6        6         0
                text31                            10A26    10A26        4         0
                text30                            10A22    10A22        4         0
                text29                            10A1E    10A1E        4         0
                text28                            10A1A    10A1A        4         0
                text27                            105B4    105B4       78         0
                text26                            1062C    1062C       68         0
                text25                            1082A    1082A       28         0
                text24                            10980    10980       12         0
                text23                            109E6    109E6        8         0
                text22                            10992    10992       10         0
                text21                            104A8    104A8       8A         0
                text20                            10374    10374      134         0
                text19                            10774    10774       32         0
                text18                            10944    10944       18         0
                text17                            10000    10000      374         0
                text16                            109CE    109CE        E         0
                text15                            106E8    106E8       4A         0
                text14                            1096E    1096E       12         0
                text13                            1092C    1092C       18         0
                text12                            10914    10914       18         0
                text11                            107D4    107D4       2C         0
                text10                            10A2E    10A2E        2         0
                text9                             10A2C    10A2C        2         0
                text8                             10A2A    10A2A        2         0
                text7                             107A6    107A6       2E         0
                text6                             10532    10532       82         0
                text5                             1087A    1087A       22         0
                text4                             109C0    109C0        E         0
                text3                             109B2    109B2        E         0
                text2                             10800    10800       2A         0
                text1                             108DC    108DC       1C         0
                text0                             10694    10694       54         0
                cinit                             10732    10732       42         0
                idataCOMRAM                       1095C    1095C       12         0

        CLASS   CONST          

        CLASS   SMALLCONST     

        CLASS   MEDIUMCONST    
                mediumconst                        FEFC     FEFC      104         0

        CLASS   COMRAM         
                temp                                 55       55        1         1
                cstackCOMRAM                          1        1       2B         1
                dataCOMRAM                           40       40       12         1
                bssCOMRAM                            2C       2C       14         1
                nvCOMRAM                             52       52        3         1

        CLASS   ABS1           

        CLASS   BIGRAM         

        CLASS   RAM            

        CLASS   BANK0          
                bssBANK0                             60       60       20         1

        CLASS   BANK1          

        CLASS   BANK2          

        CLASS   BANK3          

        CLASS   BANK4          

        CLASS   BANK5          

        CLASS   BANK6          

        CLASS   BANK7          

        CLASS   BANK8          

        CLASS   BANK9          

        CLASS   BANK10         

        CLASS   BANK11         

        CLASS   BANK12         

        CLASS   BANK14         

        CLASS   SFR            

        CLASS   BIGSFR         

        CLASS   CONFIG         
                config                           300000   300000        C         4

        CLASS   IDLOC          

        CLASS   EEDATA         

        CLASS   FARRAM         

        CLASS   HEAP           

        CLASS   STACK          



SEGMENTS        Name                           Load    Length   Top    Selector   Space  Class

                reset_vec                      000000  000004  000004         0       0  CODE    
                cstackCOMRAM                   000001  000055  000056         1       1  COMRAM  
                intcode                        000008  000042  00004A         4       0  CODE    
                bssBANK0                       000060  000020  000080        60       1  BANK0   
                mediumconst                    00FEFC  000104  010000      7F7E       0  MEDIUMCO
                text17                         010000  000A38  010A38      8000       0  CODE    


UNUSED ADDRESS RANGES

        Name                Unused          Largest block    Delta
        BANK0            000080-0000FF               80
        BANK1            000100-0001FF              100
        BANK10           000A00-000AFF              100
        BANK11           000B00-000BFF              100
        BANK12           000C00-000CFF              100
        BANK14           000E00-000E1E               1F
        BANK2            000200-0002FF              100
        BANK3            000300-0003FF              100
        BANK4            000400-0004FF              100
        BANK5            000500-0005FF              100
        BANK6            000600-0006FF              100
        BANK7            000700-0007FF              100
        BANK8            000800-0008FF              100
        BANK9            000900-0009FF              100
        BIGRAM           000056-00005F                A
                         000080-000CFF              C80
                         000E00-000E1E               1F
        BIGSFR           000D00-000DFF              100
                         000E1F-000FFF              1E1
        CODE             000004-000007                4
                         00004A-00FEFB             FEB2
                         010A38-01FFFF             F5C8
        COMRAM           000056-00005F                A
        CONST            000004-000007                4
                         00004A-00FEFB             FEB2
                         010A38-01FFFF             F5C8
        EEDATA           310000-3103FF              400
        IDLOC            200000-2000FF              100
        MEDIUMCONST      000F00-00FEFB             EFFC
                         010F00-01FFFF             F100
        RAM              000080-000CFF              100
                         000E00-000E1E               1F
        SFR              000D00-000DFF              100
                         000E1F-000FFF               E1
        SMALLCONST       000F00-00FEFB              100
                         010A38-01FFFF              100

                                  Symbol Table

?___awdiv                                            cstackCOMRAM 000003
?___awmod                                            cstackCOMRAM 000003
?_abs                                                cstackCOMRAM 000009
?_printf                                             cstackCOMRAM 000023
?_vfprintf                                           cstackCOMRAM 00001C
ADCC_SetADTIInterruptHandler@InterruptHandler        cstackCOMRAM 000003
ADCC_SetChannel@channel                              cstackCOMRAM 000003
EUSART1_FramingErrorCallbackRegister@callbackHandler cstackCOMRAM 000003
EUSART1_OverrunErrorCallbackRegister@callbackHandler cstackCOMRAM 000003
EUSART1_Write@txData                                 cstackCOMRAM 000003
INT0_SetInterruptHandler@InterruptHandler            cstackCOMRAM 000003
INT1_SetInterruptHandler@InterruptHandler            cstackCOMRAM 000003
INT2_SetInterruptHandler@InterruptHandler            cstackCOMRAM 000003
PL10                                                 text20       010456
PL12                                                 text17       010356
PL14                                                 text20       01046E
PL16                                                 text20       010478
PL18                                                 text21       010528
PL2                                                  text17       010348
PL20                                                 text20       010482
PL22                                                 text20       010490
PL24                                                 text20       01049E
PL26                                                 text17       010362
PL28                                                 text17       01036C
PL4                                                  text38       010904
PL6                                                  text36       01085C
PL8                                                  text36       010862
TMR0_OverflowCallbackRegister@CallbackHandler        cstackCOMRAM 000003
TMR0_Reload@periodVal                                cstackCOMRAM 000003
TMR4_OverflowCallbackRegister@InterruptHandler       cstackCOMRAM 000003
TMR4_PeriodCountSet@periodVal                        cstackCOMRAM 000003
_ADACCH                                              (abs)        000F6C
_ADACCL                                              (abs)        000F6B
_ADACQ                                               (abs)        000F57
_ADACT                                               (abs)        000F51
_ADCAP                                               (abs)        000F58
_ADCC_ADTI_InterruptHandler                          nvCOMRAM     000052
_ADCC_DefaultADTI_ISR                                text48       010A36
_ADCC_HasErrorCrossedLowerThreshold                  text40       010A08
_ADCC_HasErrorCrossedUpperThreshold                  text39       010A02
_ADCC_Initialize                                     text15       0106E8
_ADCC_Initialize_AverageMode                         text38       0108F8
_ADCC_Initialize_BasicMode                           text37       0109DC
_ADCC_Initialize_BurstAverageMode                    text36       010852
_ADCC_Initialize_LowPassFilterMode                   text35       0109A2
_ADCC_SetADTIInterruptHandler                        text16       0109CE
_ADCC_SetChannel                                     text34       0109EE
_ADCC_ThresholdISR                                   text47       0108BC
_ADCLK                                               (abs)        000F52
_ADCNT                                               (abs)        000F62
_ADCON0                                              (abs)        000F5B
_ADCON1                                              (abs)        000F54
_ADCON2                                              (abs)        000F55
_ADCON3                                              (abs)        000F56
_ADCUserInterrupt                                    text49       010A14
_ADERRH                                              (abs)        000F6A
_ADERRL                                              (abs)        000F69
_ADFLTR                                              (abs)        000F6D
_ADFLTRH                                             (abs)        000F6E
_ADFLTRL                                             (abs)        000F6D
_ADLTH                                               (abs)        000F65
_ADLTHH                                              (abs)        000F66
_ADLTHL                                              (abs)        000F65
_ADPCH                                               (abs)        000F5A
_ADPRE                                               (abs)        000F59
_ADPREVH                                             (abs)        000F5D
_ADPREVL                                             (abs)        000F5C
_ADREF                                               (abs)        000F53
_ADRES                                               (abs)        000F5E
_ADRESH                                              (abs)        000F5F
_ADRESL                                              (abs)        000F5E
_ADRPT                                               (abs)        000F61
_ADSTAT                                              (abs)        000F60
_ADSTATbits                                          (abs)        000F60
_ADSTPT                                              (abs)        000F63
_ADSTPTH                                             (abs)        000F64
_ADSTPTL                                             (abs)        000F63
_ADUTH                                               (abs)        000F67
_ADUTHH                                              (abs)        000F68
_ADUTHL                                              (abs)        000F67
_ANSELA                                              (abs)        000F0C
_ANSELB                                              (abs)        000F14
_ANSELC                                              (abs)        000F1C
_ANSELD                                              (abs)        000F21
_ANSELE                                              (abs)        000F29
_ApplicationTask                                     text17       010000
_BAUD1CON                                            (abs)        000F9E
_BAUD1CONbits                                        (abs)        000F9E
_CLOCK_Initialize                                    text14       01096E
_EUSART1_AutoBaudQuery                               (abs)        000000
_EUSART1_AutoBaudSet                                 (abs)        000000
_EUSART1_DefaultFramingErrorCallback                 (abs)        000000
_EUSART1_DefaultOverrunErrorCallback                 (abs)        000000
_EUSART1_Deinitialize                                (abs)        000000
_EUSART1_ErrorGet                                    (abs)        000000
_EUSART1_FramingErrorCallbackRegister                text13       01092C
_EUSART1_FramingErrorHandler                         bssCOMRAM    00002F
_EUSART1_Initialize                                  text11       0107D4
_EUSART1_IsRxReady                                   (abs)        000000
_EUSART1_IsTxDone                                    (abs)        000000
_EUSART1_IsTxReady                                   text24       010980
_EUSART1_IsTxReady$1490                              cstackCOMRAM 000003
_EUSART1_OverrunErrorCallbackRegister                text12       010914
_EUSART1_OverrunErrorHandler                         bssCOMRAM    00002C
_EUSART1_Read                                        (abs)        000000
_EUSART1_TransmitDisable                             (abs)        000000
_EUSART1_TransmitEnable                              (abs)        000000
_EUSART1_Write                                       text23       0109E6
_INLVLA                                              (abs)        000F08
_INLVLB                                              (abs)        000F10
_INLVLC                                              (abs)        000F18
_INLVLD                                              (abs)        000F1D
_INLVLE                                              (abs)        000F25
_INT0_DefaultInterruptHandler                        (abs)        000000
_INT0_SetInterruptHandler                            text10       010A2E
_INT1_DefaultInterruptHandler                        (abs)        000000
_INT1_SetInterruptHandler                            text9        010A2C
_INT2_DefaultInterruptHandler                        (abs)        000000
_INT2_SetInterruptHandler                            text8        010A2A
_INTCONbits                                          (abs)        000FF2
_INTERRUPT_Initialize                                text7        0107A6
_INTERRUPT_InterruptManager                          intcode      000008
_IOCAF                                               (abs)        000F05
_IOCAN                                               (abs)        000F06
_IOCAP                                               (abs)        000F07
_IOCBF                                               (abs)        000F0D
_IOCBN                                               (abs)        000F0E
_IOCBP                                               (abs)        000F0F
_IOCCF                                               (abs)        000F15
_IOCCN                                               (abs)        000F16
_IOCCP                                               (abs)        000F17
_IOCEF                                               (abs)        000F22
_IOCEN                                               (abs)        000F23
_IOCEP                                               (abs)        000F24
_LATA                                                (abs)        000F82
_LATAbits                                            (abs)        000F82
_LATB                                                (abs)        000F83
_LATC                                                (abs)        000F84
_LATD                                                (abs)        000F85
_LATE                                                (abs)        000F86
_ODCONA                                              (abs)        000F0A
_ODCONB                                              (abs)        000F12
_ODCONC                                              (abs)        000F1A
_ODCOND                                              (abs)        000F1F
_ODCONE                                              (abs)        000F27
_OSCCON1                                             (abs)        000ED3
_OSCCON3                                             (abs)        000ED5
_OSCEN                                               (abs)        000ED7
_OSCFRQ                                              (abs)        000ED9
_OSCTUNE                                             (abs)        000ED8
_PIE0bits                                            (abs)        000EBD
_PIE1bits                                            (abs)        000EBE
_PIE4bits                                            (abs)        000EC1
_PIN_MANAGER_IOC                                     text46       010A34
_PIN_MANAGER_Initialize                              text6        010532
_PIR0bits                                            (abs)        000EC5
_PIR1bits                                            (abs)        000EC6
_PIR3bits                                            (abs)        000EC8
_PIR4bits                                            (abs)        000EC9
_PORTCbits                                           (abs)        000F8E
_PR4                                                 (abs)        000FB5
_RC1REG                                              (abs)        000F98
_RC1STA                                              (abs)        000F9C
_RC1STAbits                                          (abs)        000F9C
_RC6PPS                                              (abs)        000EF8
_RX1PPS                                              (abs)        000EB0
_SLRCONA                                             (abs)        000F09
_SLRCONB                                             (abs)        000F11
_SLRCONC                                             (abs)        000F19
_SLRCOND                                             (abs)        000F1E
_SLRCONE                                             (abs)        000F26
_SP1BRGH                                             (abs)        000F9B
_SP1BRGL                                             (abs)        000F9A
_SYSTEM_Initialize                                   text1        0108DC
_T0CON0                                              (abs)        000FD4
_T0CON0bits                                          (abs)        000FD4
_T0CON1                                              (abs)        000FD5
_T4CLKCON                                            (abs)        000FB8
_T4CON                                               (abs)        000FB6
_T4CONbits                                           (abs)        000FB6
_T4HLT                                               (abs)        000FB7
_T4INPPS                                             (abs)        000EA7
_T4PR                                                (abs)        000FB5
_T4RST                                               (abs)        000FB9
_T4TMR                                               (abs)        000FB4
_TMR0H                                               (abs)        000FD3
_TMR0L                                               (abs)        000FD2
_TMR0_DefaultOverflowCallback                        text44       010A30
_TMR0_Initialize                                     text5        01087A
_TMR0_OverflowCallback                               bssCOMRAM    000032
_TMR0_OverflowCallbackRegister                       text3        0109B2
_TMR0_Reload                                         text32       0109F6
_TMR0_Start                                          text30       010A22
_TMR0_Stop                                           text28       010A1A
_TMR0_Tasks                                          (abs)        000000
_TMR4UserInterrupt                                   text43       010A0E
_TMR4_DefaultOverflowCallback                        text45       010A32
_TMR4_ISR                                            text42       01089C
_TMR4_Initialize                                     text2        010800
_TMR4_OverflowCallback                               bssCOMRAM    000035
_TMR4_OverflowCallbackRegister                       text4        0109C0
_TMR4_PeriodCountSet                                 text33       0109FC
_TMR4_Start                                          text31       010A26
_TMR4_Stop                                           text29       010A1E
_TRISA                                               (abs)        000F87
_TRISB                                               (abs)        000F88
_TRISC                                               (abs)        000F89
_TRISD                                               (abs)        000F8A
_TRISE                                               (abs)        000F8B
_TX1REG                                              (abs)        000F99
_TX1STA                                              (abs)        000F9D
_TX1STAbits                                          (abs)        000F9D
_Timer0                                              dataCOMRAM   000040
_Timer4                                              mediumconst  00FF45
_UART1                                               mediumconst  00FEFD
_WPUA                                                (abs)        000F0B
_WPUB                                                (abs)        000F13
_WPUC                                                (abs)        000F1B
_WPUD                                                (abs)        000F20
_WPUE                                                (abs)        000F28
__HRAM                                               (abs)        000000
__H__absolute__                                      __absolute__ 000000
__Habs1                                              abs1         000000
__Hbank0                                             bank0        000000
__Hbank1                                             bank1        000000
__Hbank10                                            bank10       000000
__Hbank11                                            bank11       000000
__Hbank12                                            bank12       000000
__Hbank14                                            bank14       000000
__Hbank2                                             bank2        000000
__Hbank3                                             bank3        000000
__Hbank4                                             bank4        000000
__Hbank5                                             bank5        000000
__Hbank6                                             bank6        000000
__Hbank7                                             bank7        000000
__Hbank8                                             bank8        000000
__Hbank9                                             bank9        000000
__Hbigbss                                            bigbss       000000
__Hbigdata                                           bigdata      000000
__Hbigram                                            bigram       000000
__Hbigsfr                                            bigsfr       000000
__Hbss                                               bss          000000
__HbssBANK0                                          bssBANK0     000000
__HbssCOMRAM                                         bssCOMRAM    000000
__Hcinit                                             cinit        000000
__Hclrtext                                           clrtext      000000
__Hcomram                                            comram       000000
__Hconfig                                            config       30000C
__Hconst                                             const        000000
__HcstackCOMRAM                                      cstackCOMRAM 000000
__Hdata                                              data         000000
__HdataCOMRAM                                        dataCOMRAM   000000
__Heeprom_data                                       eeprom_data  000000
__Hfarbss                                            farbss       000000
__Hfardata                                           fardata      000000
__Hheap                                              heap         000000
__Hibigdata                                          ibigdata     000000
__Hidata                                             idata        000000
__HidataCOMRAM                                       idataCOMRAM  000000
__Hidloc                                             idloc        000000
__Hifardata                                          ifardata     000000
__Hinit                                              init         00004A
__Hintcode                                           intcode      000046
__Hintcode_body                                      intcode_body 000000
__Hintcodelo                                         intcodelo    000046
__Hintentry                                          intentry     000000
__Hintret                                            intret       000000
__Hintsave_regs                                      intsave_regs 000000
__Hirdata                                            irdata       000000
__Hmediumconst                                       mediumconst  010000
__HnvCOMRAM                                          nvCOMRAM     000000
__HnvFARRAM                                          nvFARRAM     000000
__Hnvbit                                             nvbit        000000
__Hnvrram                                            nvrram       000000
__Hpa_nodes0                                         pa_nodes0    000000
__Hparam                                             rparam       000000
__Hpowerup                                           powerup      000046
__Hram                                               ram          000000
__Hramtop                                            ramtop       000F00
__Hrbit                                              rbit         000000
__Hrbss                                              rbss         000000
__Hrdata                                             rdata        000000
__Hreset_vec                                         reset_vec    000004
__Hrparam                                            rparam       000000
__Hsfr                                               sfr          000000
__Hsivt_hi                                           sivt_hi      000000
__Hsivt_lo                                           sivt_lo      000000
__Hsmallconst                                        smallconst   000000
__Hspace_0                                           (abs)        010A38
__Hspace_1                                           (abs)        000080
__Hspace_2                                           (abs)        000000
__Hspace_4                                           (abs)        60000C
__Hstack                                             stack        000000
__Hstruct                                            struct       000000
__Htemp                                              temp         000056
__Htext                                              text         000000
__Htext0                                             text0        000000
__Htext1                                             text1        000000
__Htext10                                            text10       000000
__Htext11                                            text11       000000
__Htext12                                            text12       000000
__Htext13                                            text13       000000
__Htext14                                            text14       000000
__Htext15                                            text15       000000
__Htext16                                            text16       000000
__Htext17                                            text17       000000
__Htext18                                            text18       000000
__Htext19                                            text19       000000
__Htext2                                             text2        000000
__Htext20                                            text20       000000
__Htext21                                            text21       000000
__Htext22                                            text22       000000
__Htext23                                            text23       000000
__Htext24                                            text24       000000
__Htext25                                            text25       000000
__Htext26                                            text26       000000
__Htext27                                            text27       000000
__Htext28                                            text28       000000
__Htext29                                            text29       000000
__Htext3                                             text3        000000
__Htext30                                            text30       000000
__Htext31                                            text31       000000
__Htext32                                            text32       000000
__Htext33                                            text33       000000
__Htext34                                            text34       000000
__Htext35                                            text35       000000
__Htext36                                            text36       000000
__Htext37                                            text37       000000
__Htext38                                            text38       000000
__Htext39                                            text39       000000
__Htext4                                             text4        000000
__Htext40                                            text40       000000
__Htext42                                            text42       000000
__Htext43                                            text43       000000
__Htext44                                            text44       000000
__Htext45                                            text45       000000
__Htext46                                            text46       000000
__Htext47                                            text47       000000
__Htext48                                            text48       000000
__Htext49                                            text49       000000
__Htext5                                             text5        000000
__Htext6                                             text6        000000
__Htext7                                             text7        000000
__Htext8                                             text8        000000
__Htext9                                             text9        000000
__LRAM                                               (abs)        000001
__L__absolute__                                      __absolute__ 000000
__Labs1                                              abs1         000000
__Lbank0                                             bank0        000000
__Lbank1                                             bank1        000000
__Lbank10                                            bank10       000000
__Lbank11                                            bank11       000000
__Lbank12                                            bank12       000000
__Lbank14                                            bank14       000000
__Lbank2                                             bank2        000000
__Lbank3                                             bank3        000000
__Lbank4                                             bank4        000000
__Lbank5                                             bank5        000000
__Lbank6                                             bank6        000000
__Lbank7                                             bank7        000000
__Lbank8                                             bank8        000000
__Lbank9                                             bank9        000000
__Lbigbss                                            bigbss       000000
__Lbigdata                                           bigdata      000000
__Lbigram                                            bigram       000000
__Lbigsfr                                            bigsfr       000000
__Lbss                                               bss          000000
__LbssBANK0                                          bssBANK0     000000
__LbssCOMRAM                                         bssCOMRAM    000000
__Lcinit                                             cinit        000000
__Lclrtext                                           clrtext      000000
__Lcomram                                            comram       000000
__Lconfig                                            config       000000
__Lconst                                             const        000000
__LcstackCOMRAM                                      cstackCOMRAM 000000
__Ldata                                              data         000000
__LdataCOMRAM                                        dataCOMRAM   000000
__Leeprom_data                                       eeprom_data  000000
__Lfarbss                                            farbss       000000
__Lfardata                                           fardata      000000
__Lheap                                              heap         000000
__Libigdata                                          ibigdata     000000
__Lidata                                             idata        000000
__LidataCOMRAM                                       idataCOMRAM  000000
__Lidloc                                             idloc        000000
__Lifardata                                          ifardata     000000
__Linit                                              init         000046
__Lintcode                                           intcode      000008
__Lintcode_body                                      intcode_body 000000
__Lintcodelo                                         intcodelo    000046
__Lintentry                                          intentry     000000
__Lintret                                            intret       000000
__Lintsave_regs                                      intsave_regs 000000
__Lirdata                                            irdata       000000
__Lmediumconst                                       mediumconst  00FEFC
__LnvCOMRAM                                          nvCOMRAM     000000
__LnvFARRAM                                          nvFARRAM     000000
__Lnvbit                                             nvbit        000000
__Lnvrram                                            nvrram       000000
__Lpa_nodes0                                         pa_nodes0    000000
__Lparam                                             rparam       000000
__Lpowerup                                           powerup      000046
__Lram                                               ram          000000
__Lramtop                                            ramtop       000F00
__Lrbit                                              rbit         000000
__Lrbss                                              rbss         000000
__Lrdata                                             rdata        000000
__Lreset_vec                                         reset_vec    000000
__Lrparam                                            rparam       000000
__Lsfr                                               sfr          000000
__Lsivt_hi                                           sivt_hi      000000
__Lsivt_lo                                           sivt_lo      000000
__Lsmallconst                                        smallconst   000000
__Lspace_0                                           (abs)        000000
__Lspace_1                                           (abs)        000000
__Lspace_2                                           (abs)        000000
__Lspace_4                                           (abs)        000000
__Lstack                                             stack        000000
__Lstruct                                            struct       000000
__Ltemp                                              temp         000055
__Ltext                                              text         000000
__Ltext0                                             text0        000000
__Ltext1                                             text1        000000
__Ltext10                                            text10       000000
__Ltext11                                            text11       000000
__Ltext12                                            text12       000000
__Ltext13                                            text13       000000
__Ltext14                                            text14       000000
__Ltext15                                            text15       000000
__Ltext16                                            text16       000000
__Ltext17                                            text17       000000
__Ltext18                                            text18       000000
__Ltext19                                            text19       000000
__Ltext2                                             text2        000000
__Ltext20                                            text20       000000
__Ltext21                                            text21       000000
__Ltext22                                            text22       000000
__Ltext23                                            text23       000000
__Ltext24                                            text24       000000
__Ltext25                                            text25       000000
__Ltext26                                            text26       000000
__Ltext27                                            text27       000000
__Ltext28                                            text28       000000
__Ltext29                                            text29       000000
__Ltext3                                             text3        000000
__Ltext30                                            text30       000000
__Ltext31                                            text31       000000
__Ltext32                                            text32       000000
__Ltext33                                            text33       000000
__Ltext34                                            text34       000000
__Ltext35                                            text35       000000
__Ltext36                                            text36       000000
__Ltext37                                            text37       000000
__Ltext38                                            text38       000000
__Ltext39                                            text39       000000
__Ltext4                                             text4        000000
__Ltext40                                            text40       000000
__Ltext42                                            text42       000000
__Ltext43                                            text43       000000
__Ltext44                                            text44       000000
__Ltext45                                            text45       000000
__Ltext46                                            text46       000000
__Ltext47                                            text47       000000
__Ltext48                                            text48       000000
__Ltext49                                            text49       000000
__Ltext5                                             text5        000000
__Ltext6                                             text6        000000
__Ltext7                                             text7        000000
__Ltext8                                             text8        000000
__Ltext9                                             text9        000000
__S0                                                 (abs)        010A38
__S1                                                 (abs)        000080
__S4                                                 (abs)        000000
__S5                                                 (abs)        000000
___awdiv                                             text27       0105B4
___awdiv@counter                                     cstackCOMRAM 000007
___awdiv@dividend                                    cstackCOMRAM 000003
___awdiv@divisor                                     cstackCOMRAM 000005
___awdiv@quotient                                    cstackCOMRAM 000009
___awdiv@sign                                        cstackCOMRAM 000008
___awmod                                             text26       01062C
___awmod@counter                                     cstackCOMRAM 000007
___awmod@dividend                                    cstackCOMRAM 000003
___awmod@divisor                                     cstackCOMRAM 000005
___awmod@sign                                        cstackCOMRAM 000008
___heap_hi                                           (abs)        000000
___heap_lo                                           (abs)        000000
___inthi_sp                                          stack        000000
___inthi_stack_hi                                    stack        000000
___inthi_stack_lo                                    stack        000000
___intlo_sp                                          stack        000000
___intlo_stack_hi                                    stack        000000
___intlo_stack_lo                                    stack        000000
___param_bank                                        (abs)        000000
___rparam_used                                       (abs)        000001
___sp                                                stack        000000
___stack_hi                                          stack        000000
___stack_lo                                          stack        000000
__accesstop                                          (abs)        000060
__activetblptr                                       (abs)        000003
__end_ofPL10                                         text20       01046E
__end_ofPL12                                         text17       010362
__end_ofPL14                                         text20       010478
__end_ofPL16                                         text20       010482
__end_ofPL18                                         text21       010532
__end_ofPL2                                          text17       010356
__end_ofPL20                                         text20       010490
__end_ofPL22                                         text20       01049E
__end_ofPL24                                         text20       0104A8
__end_ofPL26                                         text17       01036C
__end_ofPL28                                         text17       010374
__end_ofPL4                                          text38       010914
__end_ofPL6                                          text36       010862
__end_ofPL8                                          text36       01087A
__end_of_ADCC_DefaultADTI_ISR                        text48       010A38
__end_of_ADCC_HasErrorCrossedLowerThreshold          text40       010A0E
__end_of_ADCC_HasErrorCrossedUpperThreshold          text39       010A08
__end_of_ADCC_Initialize                             text15       010732
__end_of_ADCC_Initialize_AverageMode                 text38       010904
__end_of_ADCC_Initialize_BasicMode                   text37       0109E6
__end_of_ADCC_Initialize_BurstAverageMode            text36       01085C
__end_of_ADCC_Initialize_LowPassFilterMode           text35       0109B2
__end_of_ADCC_SetADTIInterruptHandler                text16       0109DC
__end_of_ADCC_SetChannel                             text34       0109F6
__end_of_ADCC_ThresholdISR                           text47       0108DC
__end_of_ADCUserInterrupt                            text49       010A1A
__end_of_ApplicationTask                             text17       010348
__end_of_CLOCK_Initialize                            text14       010980
__end_of_EUSART1_FramingErrorCallbackRegister        text13       010944
__end_of_EUSART1_Initialize                          text11       010800
__end_of_EUSART1_IsTxReady                           text24       010992
__end_of_EUSART1_OverrunErrorCallbackRegister        text12       01092C
__end_of_EUSART1_Write                               text23       0109EE
__end_of_INT0_SetInterruptHandler                    text10       010A30
__end_of_INT1_SetInterruptHandler                    text9        010A2E
__end_of_INT2_SetInterruptHandler                    text8        010A2C
__end_of_INTERRUPT_Initialize                        text7        0107D4
__end_of_INTERRUPT_InterruptManager                  intcode      000046
__end_of_PIN_MANAGER_IOC                             text46       010A36
__end_of_PIN_MANAGER_Initialize                      text6        0105B4
__end_of_SYSTEM_Initialize                           text1        0108F8
__end_of_TMR0_DefaultOverflowCallback                text44       010A32
__end_of_TMR0_Initialize                             text5        01089C
__end_of_TMR0_OverflowCallbackRegister               text3        0109C0
__end_of_TMR0_Reload                                 text32       0109FC
__end_of_TMR0_Start                                  text30       010A26
__end_of_TMR0_Stop                                   text28       010A1E
__end_of_TMR4UserInterrupt                           text43       010A14
__end_of_TMR4_DefaultOverflowCallback                text45       010A34
__end_of_TMR4_ISR                                    text42       0108BC
__end_of_TMR4_Initialize                             text2        01082A
__end_of_TMR4_OverflowCallbackRegister               text4        0109CE
__end_of_TMR4_PeriodCountSet                         text33       010A02
__end_of_TMR4_Start                                  text31       010A2A
__end_of_TMR4_Stop                                   text29       010A22
__end_of_Timer4                                      mediumconst  00FF57
__end_of_UART1                                       mediumconst  00FF45
__end_of___awdiv                                     text27       01062C
__end_of___awmod                                     text26       010694
__end_of__initialization                             cinit        01076A
__end_of_abs                                         text25       010852
__end_of_fputc                                       text21       010528
__end_of_main                                        text0        0106E8
__end_of_printf                                      text18       01095C
__end_of_putch                                       text22       0109A2
__end_of_vfpfcnvrt                                   text20       010456
__end_of_vfprintf                                    text19       0107A6
__initialization                                     cinit        010732
__mediumconst                                        mediumconst  00FEFC
__pbssBANK0                                          bssBANK0     000060
__pbssCOMRAM                                         bssCOMRAM    00002C
__pcinit                                             cinit        010732
__pcstackCOMRAM                                      cstackCOMRAM 000001
__pdataCOMRAM                                        dataCOMRAM   000040
__pidataCOMRAM                                       idataCOMRAM  01095C
__pintcode                                           intcode      000008
__pmediumconst                                       mediumconst  00FEFC
__pnvCOMRAM                                          nvCOMRAM     000052
__ptext0                                             text0        010694
__ptext1                                             text1        0108DC
__ptext10                                            text10       010A2E
__ptext11                                            text11       0107D4
__ptext12                                            text12       010914
__ptext13                                            text13       01092C
__ptext14                                            text14       01096E
__ptext15                                            text15       0106E8
__ptext16                                            text16       0109CE
__ptext17                                            text17       010000
__ptext18                                            text18       010944
__ptext19                                            text19       010774
__ptext2                                             text2        010800
__ptext20                                            text20       010374
__ptext21                                            text21       0104A8
__ptext22                                            text22       010992
__ptext23                                            text23       0109E6
__ptext24                                            text24       010980
__ptext25                                            text25       01082A
__ptext26                                            text26       01062C
__ptext27                                            text27       0105B4
__ptext28                                            text28       010A1A
__ptext29                                            text29       010A1E
__ptext3                                             text3        0109B2
__ptext30                                            text30       010A22
__ptext31                                            text31       010A26
__ptext32                                            text32       0109F6
__ptext33                                            text33       0109FC
__ptext34                                            text34       0109EE
__ptext35                                            text35       0109A2
__ptext36                                            text36       010852
__ptext37                                            text37       0109DC
__ptext38                                            text38       0108F8
__ptext39                                            text39       010A02
__ptext4                                             text4        0109C0
__ptext40                                            text40       010A08
__ptext42                                            text42       01089C
__ptext43                                            text43       010A0E
__ptext44                                            text44       010A30
__ptext45                                            text45       010A32
__ptext46                                            text46       010A34
__ptext47                                            text47       0108BC
__ptext48                                            text48       010A36
__ptext49                                            text49       010A14
__ptext5                                             text5        01087A
__ptext6                                             text6        010532
__ptext7                                             text7        0107A6
__ptext8                                             text8        010A2A
__ptext9                                             text9        010A2C
__ramtop                                             ramtop       000F00
__smallconst                                         smallconst   000000
_abs                                                 text25       01082A
_adcReadyFlag                                        bssCOMRAM    00003E
_avgModeInit                                         bssCOMRAM    00003C
_basicModeInit                                       bssCOMRAM    00003D
_burstAvgModeInit                                    bssCOMRAM    00003B
_count                                               bssCOMRAM    00003F
_dbuf                                                bssBANK0     000060
_eusart1RxLastError                                  bssCOMRAM    000038
_fputc                                               text21       0104A8
_lpfModeInit                                         bssCOMRAM    00003A
_main                                                text0        010694
_printf                                              text18       010944
_putch                                               text22       010992
_vfpfcnvrt                                           text20       010374
_vfprintf                                            text19       010774
abs@a                                                cstackCOMRAM 000009
btemp                                                temp         000055
end_of_initialization                                cinit        01076A
fputc@c                                              cstackCOMRAM 000005
fputc@fp                                             cstackCOMRAM 000007
int$flags                                            temp         000055
intlevel0                                            text         000000
intlevel1                                            text         000000
intlevel2                                            text         000000
intlevel3                                            text         000000
isa$std                                              (abs)        000001
isa$xinst                                            (abs)        000000
printf@ap                                            cstackCOMRAM 00002B
printf@fmt                                           cstackCOMRAM 000023
putch@txData                                         cstackCOMRAM 000004
stackhi                                              (abs)        000000
stacklo                                              (abs)        000000
start                                                init         000046
start_initialization                                 cinit        010732
ttemp5                                               temp         000056
ttemp6                                               temp         000059
ttemp7                                               temp         00005D
vfpfcnvrt@ap                                         cstackCOMRAM 000011
vfpfcnvrt@c                                          cstackCOMRAM 00001B
vfpfcnvrt@convarg                                    cstackCOMRAM 000017
vfpfcnvrt@cp                                         cstackCOMRAM 000015
vfpfcnvrt@done                                       cstackCOMRAM 000014
vfpfcnvrt@fmt                                        cstackCOMRAM 000010
vfpfcnvrt@fp                                         cstackCOMRAM 00000E
vfprintf@ap                                          cstackCOMRAM 000020
vfprintf@cfmt                                        cstackCOMRAM 000021
vfprintf@fmt                                         cstackCOMRAM 00001E
vfprintf@fp                                          cstackCOMRAM 00001C
wtemp8                                               temp         000056


Symbols cached in RAM

_Timer0                                              18          

Total: 18 bytes


MODULE INFORMATION

Module		Function		Class		Link	Load	Size
C:\Program Files\Microchip\xc8\v2.46\pic\sources\c99\common\printf.c
		_printf        		CODE           	10944	0000	24

C:\Program Files\Microchip\xc8\v2.46\pic\sources\c99\common\printf.c estimated size: 24

C:\Program Files\Microchip\xc8\v2.46\pic\sources\c99\common\nf_fputc.c
		_fputc         		CODE           	104A8	0000	128

C:\Program Files\Microchip\xc8\v2.46\pic\sources\c99\common\nf_fputc.c estimated size: 128

C:\Program Files\Microchip\xc8\v2.46\pic\sources\c99\common\awdiv.c
		___awdiv       		CODE           	105B4	0000	120

C:\Program Files\Microchip\xc8\v2.46\pic\sources\c99\common\awdiv.c estimated size: 120

mcc_generated_files/system/src/interrupt.c
		_INT0_SetInterruptHandler		CODE           	10A2E	0000	2
		_INT1_SetInterruptHandler		CODE           	10A2C	0000	2
		_INT2_SetInterruptHandler		CODE           	10A2A	0000	2
		_INTERRUPT_Initialize		CODE           	107A6	0000	46
		_INTERRUPT_InterruptManager		CODE           	0008	0000	62

mcc_generated_files/system/src/interrupt.c estimated size: 114

mcc_generated_files/adc/src/adcc.c
		_ADCC_HasErrorCrossedLowerThreshold		CODE           	10A08	0000	6
		_ADCC_DefaultADTI_ISR		CODE           	10A36	0000	2
		_ADCC_HasErrorCrossedUpperThreshold		CODE           	10A02	0000	6
		_ADCC_SetADTIInterruptHandler		CODE           	109CE	0000	14
		_ADCC_ThresholdISR		CODE           	108BC	0000	32
		_ADCC_Initialize		CODE           	106E8	0000	74

mcc_generated_files/adc/src/adcc.c estimated size: 134

C:\Program Files\Microchip\xc8\v2.46\pic\sources\c99\common\doprnt.c
		_vfpfcnvrt     		CODE           	10374	0000	226
		_vfprintf      		CODE           	10774	0000	50

C:\Program Files\Microchip\xc8\v2.46\pic\sources\c99\common\doprnt.c estimated size: 276

mcc_generated_files/system/src/pins.c
		_PIN_MANAGER_Initialize		CODE           	10532	0000	130
		_PIN_MANAGER_IOC		CODE           	10A34	0000	2

mcc_generated_files/system/src/pins.c estimated size: 132

shared
		PL12           		CODE           	10356	0000	12
		PL8            		CODE           	10862	0000	24
		PL22           		CODE           	10490	0000	14
		PL14           		CODE           	1046E	0000	10
		_Timer4        		MEDIUMCONST    	FF45	0000	18
		PL24           		CODE           	1049E	0000	10
		PL16           		CODE           	10478	0000	10
		PL26           		CODE           	10362	0000	10
		PL18           		CODE           	10528	0000	10
		PL28           		CODE           	1036C	0000	8
		__initialization		CODE           	10732	0000	56
		_UART1         		MEDIUMCONST    	FEFD	0000	72
		PL2            		CODE           	10348	0000	14
		PL10           		CODE           	10456	0000	24
		PL4            		CODE           	10904	0000	16
		PL20           		CODE           	10482	0000	14
		PL6            		CODE           	1085C	0000	6

shared estimated size: 328

mcc_generated_files/timer/src/tmr4.c
		_TMR4_ISR      		CODE           	1089C	0000	32
		_TMR4_PeriodCountSet		CODE           	109FC	0000	6
		_TMR4_Initialize		CODE           	10800	0000	42
		_TMR4_Stop     		CODE           	10A1E	0000	4
		_TMR4_Start    		CODE           	10A26	0000	4
		_TMR4_OverflowCallbackRegister		CODE           	109C0	0000	14
		_TMR4_DefaultOverflowCallback		CODE           	10A32	0000	2

mcc_generated_files/timer/src/tmr4.c estimated size: 104

mcc_generated_files/system/src/clock.c
		_CLOCK_Initialize		CODE           	1096E	0000	18

mcc_generated_files/system/src/clock.c estimated size: 18

C:\Program Files\Microchip\xc8\v2.46\pic\sources\c99\common\abs.c
		_abs           		CODE           	1082A	0000	40

C:\Program Files\Microchip\xc8\v2.46\pic\sources\c99\common\abs.c estimated size: 40

C:\Program Files\Microchip\xc8\v2.46\pic\sources\c99\common\awmod.c
		___awmod       		CODE           	1062C	0000	104

C:\Program Files\Microchip\xc8\v2.46\pic\sources\c99\common\awmod.c estimated size: 104

mcc_generated_files/timer/src/tmr0.c
		_TMR0_OverflowCallbackRegister		CODE           	109B2	0000	14
		_TMR0_Reload   		CODE           	109F6	0000	6
		_TMR0_DefaultOverflowCallback		CODE           	10A30	0000	2
		_TMR0_Initialize		CODE           	1087A	0000	34
		_TMR0_Stop     		CODE           	10A1A	0000	4
		_TMR0_Start    		CODE           	10A22	0000	4

mcc_generated_files/timer/src/tmr0.c estimated size: 64

application.c
		_ADCC_Initialize_AverageMode		CODE           	108F8	0000	12
		_ADCUserInterrupt		CODE           	10A14	0000	6
		_ADCC_Initialize_BurstAverageMode		CODE           	10852	0000	10
		_ApplicationTask		CODE           	10000	0000	840
		_ADCC_Initialize_BasicMode		CODE           	109DC	0000	10
		_TMR4UserInterrupt		CODE           	10A0E	0000	6
		_ADCC_SetChannel		CODE           	109EE	0000	8
		_ADCC_Initialize_LowPassFilterMode		CODE           	109A2	0000	16

application.c estimated size: 908

main.c
		_main          		CODE           	10694	0000	84

main.c estimated size: 84

mcc_generated_files/uart/src/eusart1.c
		_EUSART1_Initialize		CODE           	107D4	0000	44
		_putch         		CODE           	10992	0000	16
		_EUSART1_Write 		CODE           	109E6	0000	8
		_EUSART1_FramingErrorCallbackRegister		CODE           	1092C	0000	24
		_EUSART1_IsTxReady		CODE           	10980	0000	18
		_EUSART1_OverrunErrorCallbackRegister		CODE           	10914	0000	24

mcc_generated_files/uart/src/eusart1.c estimated size: 134

mcc_generated_files/system/src/system.c
		_SYSTEM_Initialize		CODE           	108DC	0000	28

mcc_generated_files/system/src/system.c estimated size: 28

