Microchip MPLAB XC8 Compiler V2.45

Linker command line:

-W-3 \
  --edf=C:/Users/I76627/.mchp_packs/Microchip/PIC18F-Q_DFP/1.23.425/xc8\pic\dat\20231017160250_en.msgs \
  -cn \
  -h+dist/default/debug\pic18f47q10-adc-computation-modes-mplab-mcc.X.debug.sym \
  --cmf=dist/default/debug\pic18f47q10-adc-computation-modes-mplab-mcc.X.debug.cmf \
  -z -Q18F47Q10 \
  -oC:\Users\I76627\AppData\Local\Temp\xcAsivk.\driver_tmp_3.o \
  --defsym=__MPLAB_BUILD=1 --fixupoverflow=error \
  -Mdist/default/debug/pic18f47q10-adc-computation-modes-mplab-mcc.X.debug.map \
  --md=C:\Users\I76627\AppData\Local\Temp\xcAsivk.\driver_tmp_0.dat -E1 \
  -ver=XC8 Compiler --acfsm=1493 -ACODE=00h-01FFFFh -ACONST=00h-01FFFFh \
  -ASMALLCONST=0F00h-0FFFhx497 -AMEDIUMCONST=0F00h-0FFFFh,010F00h-01FFFFh \
  -ACOMRAM=01h-05Fh -AABS1=00h-0CFFh,0E00h-0E1Eh \
  -ABIGRAM=01h-0CFFh,0E00h-0E1Eh -ARAM=060h-0FFh,0100h-01FFhx12,0E00h-0E1Eh \
  -ABANK0=060h-0FFh -ABANK1=0100h-01FFh -ABANK2=0200h-02FFh \
  -ABANK3=0300h-03FFh -ABANK4=0400h-04FFh -ABANK5=0500h-05FFh \
  -ABANK6=0600h-06FFh -ABANK7=0700h-07FFh -ABANK8=0800h-08FFh \
  -ABANK9=0900h-09FFh -ABANK10=0A00h-0AFFh -ABANK11=0B00h-0BFFh \
  -ABANK12=0C00h-0CFFh -ABANK14=0E00h-0E1Eh \
  -ASFR=0D00h-0DFFh,0E1Fh-0EFFh,0F00h-0F5Fh,0F60h-0FFFh \
  -ABIGSFR=0D00h-0DFFh,0E1Fh-0FFFh -ACONFIG=0300000h-030000Bh \
  -AIDLOC=0200000h-02000FFh -AEEDATA=0310000h-03103FFh -peeprom_data=EEDATA \
  -preset_vec=00h,intcode=08h,intcodelo,powerup,init -pramtop=0F00h \
  -psmallconst=SMALLCONST -pmediumconst=MEDIUMCONST -pconst=CONST \
  -AFARRAM=00h-00h \
  -prdata=COMRAM,nvrram=COMRAM,nvbit=COMRAM,rbss=COMRAM,rbit=COMRAM \
  -pfarbss=FARRAM,fardata=FARRAM,nvFARRAM=FARRAM \
  -pintsave_regs=BIGRAM,bigbss=BIGRAM,bigdata=BIGRAM -pbss=RAM \
  -pidata=CODE,irdata=CODE,ibigdata=CODE,ifardata=CODE -prparam=COMRAM \
  C:\Users\I76627\AppData\Local\Temp\xcAsivk.\driver_tmp_14.o \
  dist/default/debug\pic18f47q10-adc-computation-modes-mplab-mcc.X.debug.o 

Object code version is 3.11

Machine type is 18F47Q10



                Name                               Link     Load   Length Selector   Space Scale
C:\Users\I76627\AppData\Local\Temp\xcAsivk.\driver_tmp_14.o
                config                           300000   300000        C        0       4
                init                                12E      12E        4        4       0
                reset_vec                             0        0        4        0       0
dist/default/debug\pic18f47q10-adc-computation-modes-mplab-mcc.X.debug.o
                intcode                               8        8      126        4       0
                config                           300000   300000        C        0       4
                temp                                 57       57        1        1       1
                mediumconst                        FEEA     FEEA      116     7F75       0
                text55                            10FE2    10FE2        6     8000       0
                text54                            11000    11000        2     8000       0
                text53                            10C4E    10C4E       36     8000       0
                text52                            10FFE    10FFE        2     8000       0
                text51                            10FDC    10FDC        6     8000       0
                text50                            10660    10660       DC     8000       0
                text49                            10CEC    10CEC       32     8000       0
                text48                            10FFC    10FFC        2     8000       0
                text47                            10FFA    10FFA        2     8000       0
                text46                            10FF8    10FF8        2     8000       0
                text45                            10F62    10F62       12     8000       0
                text44                            10CB8    10CB8       34     8000       0
                text42                            10F4E    10F4E       14     8000       0
                text41                            10F3A    10F3A       14     8000       0
                text40                            10D7E    10D7E       30     8000       0
                text39                            10F0C    10F0C       18     8000       0
                text38                            10D4E    10D4E       30     8000       0
                text37                            10ED8    10ED8       1C     8000       0
                text36                            10FC8    10FC8        8     8000       0
                text35                            10FD6    10FD6        6     8000       0
                text34                            10FD0    10FD0        6     8000       0
                text33                            10FF4    10FF4        4     8000       0
                text32                            10FF0    10FF0        4     8000       0
                text31                            10FEC    10FEC        4     8000       0
                text30                            10FE8    10FE8        4     8000       0
                text29                            10806    10806       C4     8000       0
                text28                            10982    10982       B0     8000       0
                text27                            10C84    10C84       34     8000       0
                text26                            10F24    10F24       16     8000       0
                text25                            10BC0    10BC0       48     8000       0
                text24                            10EBA    10EBA       1E     8000       0
                text23                            1073C    1073C       CA     8000       0
                text22                            10472    10472      1EE     8000       0
                text21                            10B76    10B76       4A     8000       0
                text20                            10E9C    10E9C       1E     8000       0
                text19                            10000    10000      472     8000       0
                text18                            10FBA    10FBA        E     8000       0
                text17                            10AB4    10AB4       6A     8000       0
                text16                            10EF4    10EF4       18     8000       0
                text15                            10E5C    10E5C       22     8000       0
                text14                            10E3A    10E3A       22     8000       0
                text13                            10E18    10E18       22     8000       0
                text12                            10DF6    10DF6       22     8000       0
                text11                            10A32    10A32       82     8000       0
                text10                            10FAC    10FAC        E     8000       0
                text9                             10F9E    10F9E        E     8000       0
                text8                             10F90    10F90        E     8000       0
                text7                             10C08    10C08       46     8000       0
                text6                             108CA    108CA       B8     8000       0
                text5                             10DAE    10DAE       26     8000       0
                text4                             10F82    10F82        E     8000       0
                text3                             10F74    10F74        E     8000       0
                text2                             10D1E    10D1E       30     8000       0
                text1                             10E7E    10E7E       1E     8000       0
                text0                             10B1E    10B1E       58     8000       0
                cstackCOMRAM                          1        1       2C        1       1
                cstackBANK0                          A4       A4        8       60       1
                bssBANK0                             60       60       44       60       1
                bssCOMRAM                            2D       2D       2A        1       1
                cinit                             10DD4    10DD4       22     8000       0
                nvBANK0                              AC       AC        3       60       1

TOTAL           Name                               Link     Load   Length     Space
        CLASS   CODE           
                intcode                               8        8      126         0
                init                                12E      12E        4         0
                reset_vec                             0        0        4         0
                text55                            10FE2    10FE2        6         0
                text54                            11000    11000        2         0
                text53                            10C4E    10C4E       36         0
                text52                            10FFE    10FFE        2         0
                text51                            10FDC    10FDC        6         0
                text50                            10660    10660       DC         0
                text49                            10CEC    10CEC       32         0
                text48                            10FFC    10FFC        2         0
                text47                            10FFA    10FFA        2         0
                text46                            10FF8    10FF8        2         0
                text45                            10F62    10F62       12         0
                text44                            10CB8    10CB8       34         0
                text42                            10F4E    10F4E       14         0
                text41                            10F3A    10F3A       14         0
                text40                            10D7E    10D7E       30         0
                text39                            10F0C    10F0C       18         0
                text38                            10D4E    10D4E       30         0
                text37                            10ED8    10ED8       1C         0
                text36                            10FC8    10FC8        8         0
                text35                            10FD6    10FD6        6         0
                text34                            10FD0    10FD0        6         0
                text33                            10FF4    10FF4        4         0
                text32                            10FF0    10FF0        4         0
                text31                            10FEC    10FEC        4         0
                text30                            10FE8    10FE8        4         0
                text29                            10806    10806       C4         0
                text28                            10982    10982       B0         0
                text27                            10C84    10C84       34         0
                text26                            10F24    10F24       16         0
                text25                            10BC0    10BC0       48         0
                text24                            10EBA    10EBA       1E         0
                text23                            1073C    1073C       CA         0
                text22                            10472    10472      1EE         0
                text21                            10B76    10B76       4A         0
                text20                            10E9C    10E9C       1E         0
                text19                            10000    10000      472         0
                text18                            10FBA    10FBA        E         0
                text17                            10AB4    10AB4       6A         0
                text16                            10EF4    10EF4       18         0
                text15                            10E5C    10E5C       22         0
                text14                            10E3A    10E3A       22         0
                text13                            10E18    10E18       22         0
                text12                            10DF6    10DF6       22         0
                text11                            10A32    10A32       82         0
                text10                            10FAC    10FAC        E         0
                text9                             10F9E    10F9E        E         0
                text8                             10F90    10F90        E         0
                text7                             10C08    10C08       46         0
                text6                             108CA    108CA       B8         0
                text5                             10DAE    10DAE       26         0
                text4                             10F82    10F82        E         0
                text3                             10F74    10F74        E         0
                text2                             10D1E    10D1E       30         0
                text1                             10E7E    10E7E       1E         0
                text0                             10B1E    10B1E       58         0
                cinit                             10DD4    10DD4       22         0

        CLASS   CONST          

        CLASS   SMALLCONST     

        CLASS   MEDIUMCONST    
                mediumconst                        FEEA     FEEA      116         0

        CLASS   COMRAM         
                temp                                 57       57        1         1
                cstackCOMRAM                          1        1       2C         1
                bssCOMRAM                            2D       2D       2A         1

        CLASS   ABS1           

        CLASS   BIGRAM         

        CLASS   RAM            

        CLASS   BANK0          
                cstackBANK0                          A4       A4        8         1
                bssBANK0                             60       60       44         1
                nvBANK0                              AC       AC        3         1

        CLASS   BANK1          

        CLASS   BANK2          

        CLASS   BANK3          

        CLASS   BANK4          

        CLASS   BANK5          

        CLASS   BANK6          

        CLASS   BANK7          

        CLASS   BANK8          

        CLASS   BANK9          

        CLASS   BANK10         

        CLASS   BANK11         

        CLASS   BANK12         

        CLASS   BANK14         

        CLASS   SFR            

        CLASS   BIGSFR         

        CLASS   CONFIG         
                config                           300000   300000        C         4

        CLASS   IDLOC          

        CLASS   EEDATA         

        CLASS   FARRAM         

        CLASS   HEAP           

        CLASS   STACK          



SEGMENTS        Name                           Load    Length   Top    Selector   Space  Class

                reset_vec                      000000  000004  000004         0       0  CODE    
                cstackCOMRAM                   000001  000057  000058         1       1  COMRAM  
                intcode                        000008  00012A  000132         4       0  CODE    
                bssBANK0                       000060  00004F  0000AF        60       1  BANK0   
                mediumconst                    00FEEA  000116  010000      7F75       0  MEDIUMCO
                text19                         010000  001002  011002      8000       0  CODE    


UNUSED ADDRESS RANGES

        Name                Unused          Largest block    Delta
        BANK0            0000AF-0000FF               51
        BANK1            000100-0001FF              100
        BANK10           000A00-000AFF              100
        BANK11           000B00-000BFF              100
        BANK12           000C00-000CFF              100
        BANK14           000E00-000E1E               1F
        BANK2            000200-0002FF              100
        BANK3            000300-0003FF              100
        BANK4            000400-0004FF              100
        BANK5            000500-0005FF              100
        BANK6            000600-0006FF              100
        BANK7            000700-0007FF              100
        BANK8            000800-0008FF              100
        BANK9            000900-0009FF              100
        BIGRAM           000058-00005F                8
                         0000AF-000CFF              C51
                         000E00-000E1E               1F
        BIGSFR           000D00-000DFF              100
                         000E1F-000FFF              1E1
        CODE             000004-000007                4
                         000132-00FEE9             FDB8
                         011002-01FFFF             EFFE
        COMRAM           000058-00005F                8
        CONST            000004-000007                4
                         000132-00FEE9             FDB8
                         011002-01FFFF             EFFE
        EEDATA           310000-3103FF              400
        IDLOC            200000-2000FF              100
        MEDIUMCONST      000F00-00FEE9             EFEA
                         011002-01FFFF             EFFE
        RAM              0000AF-000CFF              100
                         000E00-000E1E               1F
        SFR              000D00-000DFF              100
                         000E1F-000FFF               E1
        SMALLCONST       000F00-00FEE9              100
                         011002-01FFFF              100

                                  Symbol Table

?___awdiv                                            cstackCOMRAM 000009
?___awmod                                            cstackCOMRAM 000009
?_abs                                                cstackCOMRAM 00000F
?_printf                                             cstackBANK0  0000A4
?_vfprintf                                           cstackCOMRAM 000023
ADCC_SetADTIInterruptHandler@InterruptHandler        cstackCOMRAM 000009
ADCC_SetChannel@channel                              cstackCOMRAM 000009
EUSART1_FramingErrorCallbackRegister@callbackHandler cstackCOMRAM 000009
EUSART1_OverrunErrorCallbackRegister@callbackHandler cstackCOMRAM 000009
EUSART1_ReceiveISR@regValue                          cstackCOMRAM 000001
EUSART1_ReceiveISR@tempRxHead                        cstackCOMRAM 000002
EUSART1_RxCompleteCallbackRegister@callbackHandler   cstackCOMRAM 000009
EUSART1_TransmitISR@tempTxTail                       cstackCOMRAM 000001
EUSART1_TxCompleteCallbackRegister@callbackHandler   cstackCOMRAM 000009
EUSART1_Write@tempTxHead                             cstackCOMRAM 000009
EUSART1_Write@txData                                 cstackCOMRAM 00000A
INT0_SetInterruptHandler@InterruptHandler            cstackCOMRAM 000009
INT1_SetInterruptHandler@InterruptHandler            cstackCOMRAM 000009
INT2_SetInterruptHandler@InterruptHandler            cstackCOMRAM 000009
TMR0_OverflowCallbackRegister@CallbackHandler        cstackCOMRAM 000009
TMR0_Reload@periodVal                                cstackCOMRAM 000009
TMR4_OverflowCallbackRegister@InterruptHandler       cstackCOMRAM 000009
TMR4_PeriodCountSet@periodVal                        cstackCOMRAM 000009
_ADACCH                                              (abs)        000F6C
_ADACCL                                              (abs)        000F6B
_ADACQ                                               (abs)        000F57
_ADACT                                               (abs)        000F51
_ADCAP                                               (abs)        000F58
_ADCC_ADTI_InterruptHandler                          nvBANK0      0000AC
_ADCC_DefaultADTI_ISR                                text54       011000
_ADCC_HasErrorCrossedLowerThreshold                  text42       010F4E
_ADCC_HasErrorCrossedUpperThreshold                  text41       010F3A
_ADCC_Initialize                                     text17       010AB4
_ADCC_Initialize_AverageMode                         text40       010D7E
_ADCC_Initialize_BasicMode                           text39       010F0C
_ADCC_Initialize_BurstAverageMode                    text38       010D4E
_ADCC_Initialize_LowPassFilterMode                   text37       010ED8
_ADCC_SetADTIInterruptHandler                        text18       010FBA
_ADCC_SetChannel                                     text36       010FC8
_ADCC_ThresholdISR                                   text53       010C4E
_ADCLK                                               (abs)        000F52
_ADCNT                                               (abs)        000F62
_ADCON0                                              (abs)        000F5B
_ADCON0bits                                          (abs)        000F5B
_ADCON1                                              (abs)        000F54
_ADCON1bits                                          (abs)        000F54
_ADCON2                                              (abs)        000F55
_ADCON2bits                                          (abs)        000F55
_ADCON3                                              (abs)        000F56
_ADCON3bits                                          (abs)        000F56
_ADCUserInterrupt                                    text55       010FE2
_ADERRH                                              (abs)        000F6A
_ADERRL                                              (abs)        000F69
_ADFLTR                                              (abs)        000F6D
_ADFLTRH                                             (abs)        000F6E
_ADFLTRL                                             (abs)        000F6D
_ADLTH                                               (abs)        000F65
_ADLTHH                                              (abs)        000F66
_ADLTHL                                              (abs)        000F65
_ADPCH                                               (abs)        000F5A
_ADPRE                                               (abs)        000F59
_ADPREVH                                             (abs)        000F5D
_ADPREVL                                             (abs)        000F5C
_ADREF                                               (abs)        000F53
_ADRES                                               (abs)        000F5E
_ADRESH                                              (abs)        000F5F
_ADRESL                                              (abs)        000F5E
_ADRPT                                               (abs)        000F61
_ADSTAT                                              (abs)        000F60
_ADSTATbits                                          (abs)        000F60
_ADSTPT                                              (abs)        000F63
_ADSTPTH                                             (abs)        000F64
_ADSTPTL                                             (abs)        000F63
_ADUTH                                               (abs)        000F67
_ADUTHH                                              (abs)        000F68
_ADUTHL                                              (abs)        000F67
_ANSELA                                              (abs)        000F0C
_ANSELB                                              (abs)        000F14
_ANSELC                                              (abs)        000F1C
_ANSELD                                              (abs)        000F21
_ANSELE                                              (abs)        000F29
_ApplicationTask                                     text19       010000
_BAUD1CON                                            (abs)        000F9E
_BAUD1CONbits                                        (abs)        000F9E
_CLOCK_Initialize                                    text16       010EF4
_EUSART1_AutoBaudQuery                               (abs)        000000
_EUSART1_AutoBaudSet                                 (abs)        000000
_EUSART1_DefaultFramingErrorCallback                 text52       010FFE
_EUSART1_DefaultOverrunErrorCallback                 text51       010FDC
_EUSART1_Deinitialize                                (abs)        000000
_EUSART1_ErrorGet                                    (abs)        000000
_EUSART1_FramingErrorCallbackRegister                text15       010E5C
_EUSART1_FramingErrorHandler                         bssCOMRAM    000030
_EUSART1_Initialize                                  text11       010A32
_EUSART1_IsRxReady                                   (abs)        000000
_EUSART1_IsTxDone                                    (abs)        000000
_EUSART1_IsTxReady                                   text26       010F24
_EUSART1_OverrunErrorCallbackRegister                text14       010E3A
_EUSART1_OverrunErrorHandler                         bssCOMRAM    00002D
_EUSART1_Read                                        (abs)        000000
_EUSART1_ReceiveISR                                  text50       010660
_EUSART1_RxCompleteCallbackRegister                  text13       010E18
_EUSART1_RxInterruptHandler                          bssCOMRAM    000042
_EUSART1_TransmitDisable                             (abs)        000000
_EUSART1_TransmitEnable                              (abs)        000000
_EUSART1_TransmitISR                                 text49       010CEC
_EUSART1_TxCompleteCallbackRegister                  text12       010DF6
_EUSART1_TxInterruptHandler                          bssCOMRAM    000045
_EUSART1_Write                                       text25       010BC0
_INLVLA                                              (abs)        000F08
_INLVLB                                              (abs)        000F10
_INLVLC                                              (abs)        000F18
_INLVLD                                              (abs)        000F1D
_INLVLE                                              (abs)        000F25
_INT0_DefaultInterruptHandler                        (abs)        000000
_INT0_InterruptHandler                               bssCOMRAM    00003F
_INT0_SetInterruptHandler                            text10       010FAC
_INT1_DefaultInterruptHandler                        (abs)        000000
_INT1_InterruptHandler                               bssCOMRAM    00003C
_INT1_SetInterruptHandler                            text9        010F9E
_INT2_DefaultInterruptHandler                        (abs)        000000
_INT2_InterruptHandler                               bssCOMRAM    000039
_INT2_SetInterruptHandler                            text8        010F90
_INTCONbits                                          (abs)        000FF2
_INTERRUPT_Initialize                                text7        010C08
_INTERRUPT_InterruptManager                          intcode      000008
_IOCAF                                               (abs)        000F05
_IOCAN                                               (abs)        000F06
_IOCAP                                               (abs)        000F07
_IOCBF                                               (abs)        000F0D
_IOCBN                                               (abs)        000F0E
_IOCBP                                               (abs)        000F0F
_IOCCF                                               (abs)        000F15
_IOCCN                                               (abs)        000F16
_IOCCP                                               (abs)        000F17
_IOCEF                                               (abs)        000F22
_IOCEN                                               (abs)        000F23
_IOCEP                                               (abs)        000F24
_LATA                                                (abs)        000F82
_LATAbits                                            (abs)        000F82
_LATB                                                (abs)        000F83
_LATC                                                (abs)        000F84
_LATD                                                (abs)        000F85
_LATE                                                (abs)        000F86
_ODCONA                                              (abs)        000F0A
_ODCONB                                              (abs)        000F12
_ODCONC                                              (abs)        000F1A
_ODCOND                                              (abs)        000F1F
_ODCONE                                              (abs)        000F27
_OSCCON1                                             (abs)        000ED3
_OSCCON3                                             (abs)        000ED5
_OSCEN                                               (abs)        000ED7
_OSCFRQ                                              (abs)        000ED9
_OSCTUNE                                             (abs)        000ED8
_PIE0bits                                            (abs)        000EBD
_PIE1bits                                            (abs)        000EBE
_PIE3bits                                            (abs)        000EC0
_PIE4bits                                            (abs)        000EC1
_PIN_MANAGER_IOC                                     text48       010FFC
_PIN_MANAGER_Initialize                              text6        0108CA
_PIR0bits                                            (abs)        000EC5
_PIR1bits                                            (abs)        000EC6
_PIR3bits                                            (abs)        000EC8
_PIR4bits                                            (abs)        000EC9
_PORTCbits                                           (abs)        000F8E
_PR4                                                 (abs)        000FB5
_RC1REG                                              (abs)        000F98
_RC1STA                                              (abs)        000F9C
_RC1STAbits                                          (abs)        000F9C
_RC6PPS                                              (abs)        000EF8
_RX1PPS                                              (abs)        000EB0
_SLRCONA                                             (abs)        000F09
_SLRCONB                                             (abs)        000F11
_SLRCONC                                             (abs)        000F19
_SLRCOND                                             (abs)        000F1E
_SLRCONE                                             (abs)        000F26
_SP1BRGH                                             (abs)        000F9B
_SP1BRGL                                             (abs)        000F9A
_SYSTEM_Initialize                                   text1        010E7E
_T0CON0                                              (abs)        000FD4
_T0CON0bits                                          (abs)        000FD4
_T0CON1                                              (abs)        000FD5
_T4CLKCON                                            (abs)        000FB8
_T4CON                                               (abs)        000FB6
_T4CONbits                                           (abs)        000FB6
_T4HLT                                               (abs)        000FB7
_T4HLTbits                                           (abs)        000FB7
_T4INPPS                                             (abs)        000EA7
_T4PR                                                (abs)        000FB5
_T4RST                                               (abs)        000FB9
_T4RSTbits                                           (abs)        000FB9
_T4TMR                                               (abs)        000FB4
_TMR0H                                               (abs)        000FD3
_TMR0L                                               (abs)        000FD2
_TMR0_DefaultOverflowCallback                        text46       010FF8
_TMR0_Initialize                                     text5        010DAE
_TMR0_OverflowCallback                               bssCOMRAM    000033
_TMR0_OverflowCallbackRegister                       text3        010F74
_TMR0_Reload                                         text34       010FD0
_TMR0_Start                                          text32       010FF0
_TMR0_Stop                                           text30       010FE8
_TMR0_Tasks                                          (abs)        000000
_TMR4                                                (abs)        000FB4
_TMR4UserInterrupt                                   text45       010F62
_TMR4_DefaultOverflowCallback                        text47       010FFA
_TMR4_ISR                                            text44       010CB8
_TMR4_Initialize                                     text2        010D1E
_TMR4_OverflowCallback                               bssCOMRAM    000036
_TMR4_OverflowCallbackRegister                       text4        010F82
_TMR4_PeriodCountSet                                 text35       010FD6
_TMR4_Start                                          text33       010FF4
_TMR4_Stop                                           text31       010FEC
_TRISA                                               (abs)        000F87
_TRISB                                               (abs)        000F88
_TRISC                                               (abs)        000F89
_TRISD                                               (abs)        000F8A
_TRISE                                               (abs)        000F8B
_TX1REG                                              (abs)        000F99
_TX1STA                                              (abs)        000F9D
_TX1STAbits                                          (abs)        000F9D
_Timer0                                              mediumconst  00FF33
_Timer4                                              mediumconst  00FF45
_UART1                                               mediumconst  00FEEB
_WPUA                                                (abs)        000F0B
_WPUB                                                (abs)        000F13
_WPUC                                                (abs)        000F1B
_WPUD                                                (abs)        000F20
_WPUE                                                (abs)        000F28
__HRAM                                               (abs)        000000
__H__absolute__                                      __absolute__ 000000
__Habs1                                              abs1         000000
__Hbank0                                             bank0        000000
__Hbank1                                             bank1        000000
__Hbank10                                            bank10       000000
__Hbank11                                            bank11       000000
__Hbank12                                            bank12       000000
__Hbank14                                            bank14       000000
__Hbank2                                             bank2        000000
__Hbank3                                             bank3        000000
__Hbank4                                             bank4        000000
__Hbank5                                             bank5        000000
__Hbank6                                             bank6        000000
__Hbank7                                             bank7        000000
__Hbank8                                             bank8        000000
__Hbank9                                             bank9        000000
__Hbigbss                                            bigbss       000000
__Hbigdata                                           bigdata      000000
__Hbigram                                            bigram       000000
__Hbigsfr                                            bigsfr       000000
__Hbss                                               bss          000000
__HbssBANK0                                          bssBANK0     000000
__HbssCOMRAM                                         bssCOMRAM    000000
__Hcinit                                             cinit        000000
__Hclrtext                                           clrtext      000000
__Hcomram                                            comram       000000
__Hconfig                                            config       30000C
__Hconst                                             const        000000
__HcstackBANK0                                       cstackBANK0  000000
__HcstackCOMRAM                                      cstackCOMRAM 000000
__Hdata                                              data         000000
__Heeprom_data                                       eeprom_data  000000
__Hfarbss                                            farbss       000000
__Hfardata                                           fardata      000000
__Hheap                                              heap         000000
__Hibigdata                                          ibigdata     000000
__Hidata                                             idata        000000
__Hidloc                                             idloc        000000
__Hifardata                                          ifardata     000000
__Hinit                                              init         000132
__Hintcode                                           intcode      00012E
__Hintcode_body                                      intcode_body 000000
__Hintcodelo                                         intcodelo    00012E
__Hintentry                                          intentry     000000
__Hintret                                            intret       000000
__Hintsave_regs                                      intsave_regs 000000
__Hirdata                                            irdata       000000
__Hmediumconst                                       mediumconst  010000
__HnvBANK0                                           nvBANK0      000000
__HnvFARRAM                                          nvFARRAM     000000
__Hnvbit                                             nvbit        000000
__Hnvrram                                            nvrram       000000
__Hparam                                             rparam       000000
__Hpowerup                                           powerup      00012E
__Hram                                               ram          000000
__Hramtop                                            ramtop       000F00
__Hrbit                                              rbit         000000
__Hrbss                                              rbss         000000
__Hrdata                                             rdata        000000
__Hreset_vec                                         reset_vec    000004
__Hrparam                                            rparam       000000
__Hsfr                                               sfr          000000
__Hsmallconst                                        smallconst   000000
__Hspace_0                                           (abs)        011002
__Hspace_1                                           (abs)        0000AF
__Hspace_2                                           (abs)        000000
__Hspace_4                                           (abs)        60000C
__Hstack                                             stack        000000
__Hstruct                                            struct       000000
__Htemp                                              temp         000058
__Htext                                              text         000000
__Htext0                                             text0        000000
__Htext1                                             text1        000000
__Htext10                                            text10       000000
__Htext11                                            text11       000000
__Htext12                                            text12       000000
__Htext13                                            text13       000000
__Htext14                                            text14       000000
__Htext15                                            text15       000000
__Htext16                                            text16       000000
__Htext17                                            text17       000000
__Htext18                                            text18       000000
__Htext19                                            text19       000000
__Htext2                                             text2        000000
__Htext20                                            text20       000000
__Htext21                                            text21       000000
__Htext22                                            text22       000000
__Htext23                                            text23       000000
__Htext24                                            text24       000000
__Htext25                                            text25       000000
__Htext26                                            text26       000000
__Htext27                                            text27       000000
__Htext28                                            text28       000000
__Htext29                                            text29       000000
__Htext3                                             text3        000000
__Htext30                                            text30       000000
__Htext31                                            text31       000000
__Htext32                                            text32       000000
__Htext33                                            text33       000000
__Htext34                                            text34       000000
__Htext35                                            text35       000000
__Htext36                                            text36       000000
__Htext37                                            text37       000000
__Htext38                                            text38       000000
__Htext39                                            text39       000000
__Htext4                                             text4        000000
__Htext40                                            text40       000000
__Htext41                                            text41       000000
__Htext42                                            text42       000000
__Htext44                                            text44       000000
__Htext45                                            text45       000000
__Htext46                                            text46       000000
__Htext47                                            text47       000000
__Htext48                                            text48       000000
__Htext49                                            text49       000000
__Htext5                                             text5        000000
__Htext50                                            text50       000000
__Htext51                                            text51       000000
__Htext52                                            text52       000000
__Htext53                                            text53       000000
__Htext54                                            text54       000000
__Htext55                                            text55       000000
__Htext56                                            text56       000000
__Htext6                                             text6        000000
__Htext7                                             text7        000000
__Htext8                                             text8        000000
__Htext9                                             text9        000000
__LRAM                                               (abs)        000001
__L__absolute__                                      __absolute__ 000000
__Labs1                                              abs1         000000
__Lbank0                                             bank0        000000
__Lbank1                                             bank1        000000
__Lbank10                                            bank10       000000
__Lbank11                                            bank11       000000
__Lbank12                                            bank12       000000
__Lbank14                                            bank14       000000
__Lbank2                                             bank2        000000
__Lbank3                                             bank3        000000
__Lbank4                                             bank4        000000
__Lbank5                                             bank5        000000
__Lbank6                                             bank6        000000
__Lbank7                                             bank7        000000
__Lbank8                                             bank8        000000
__Lbank9                                             bank9        000000
__Lbigbss                                            bigbss       000000
__Lbigdata                                           bigdata      000000
__Lbigram                                            bigram       000000
__Lbigsfr                                            bigsfr       000000
__Lbss                                               bss          000000
__LbssBANK0                                          bssBANK0     000000
__LbssCOMRAM                                         bssCOMRAM    000000
__Lcinit                                             cinit        000000
__Lclrtext                                           clrtext      000000
__Lcomram                                            comram       000000
__Lconfig                                            config       000000
__Lconst                                             const        000000
__LcstackBANK0                                       cstackBANK0  000000
__LcstackCOMRAM                                      cstackCOMRAM 000000
__Ldata                                              data         000000
__Leeprom_data                                       eeprom_data  000000
__Lfarbss                                            farbss       000000
__Lfardata                                           fardata      000000
__Lheap                                              heap         000000
__Libigdata                                          ibigdata     000000
__Lidata                                             idata        000000
__Lidloc                                             idloc        000000
__Lifardata                                          ifardata     000000
__Linit                                              init         00012E
__Lintcode                                           intcode      000008
__Lintcode_body                                      intcode_body 000000
__Lintcodelo                                         intcodelo    00012E
__Lintentry                                          intentry     000000
__Lintret                                            intret       000000
__Lintsave_regs                                      intsave_regs 000000
__Lirdata                                            irdata       000000
__Lmediumconst                                       mediumconst  00FEEA
__LnvBANK0                                           nvBANK0      000000
__LnvFARRAM                                          nvFARRAM     000000
__Lnvbit                                             nvbit        000000
__Lnvrram                                            nvrram       000000
__Lparam                                             rparam       000000
__Lpowerup                                           powerup      00012E
__Lram                                               ram          000000
__Lramtop                                            ramtop       000F00
__Lrbit                                              rbit         000000
__Lrbss                                              rbss         000000
__Lrdata                                             rdata        000000
__Lreset_vec                                         reset_vec    000000
__Lrparam                                            rparam       000000
__Lsfr                                               sfr          000000
__Lsmallconst                                        smallconst   000000
__Lspace_0                                           (abs)        000000
__Lspace_1                                           (abs)        000000
__Lspace_2                                           (abs)        000000
__Lspace_4                                           (abs)        000000
__Lstack                                             stack        000000
__Lstruct                                            struct       000000
__Ltemp                                              temp         000057
__Ltext                                              text         000000
__Ltext0                                             text0        000000
__Ltext1                                             text1        000000
__Ltext10                                            text10       000000
__Ltext11                                            text11       000000
__Ltext12                                            text12       000000
__Ltext13                                            text13       000000
__Ltext14                                            text14       000000
__Ltext15                                            text15       000000
__Ltext16                                            text16       000000
__Ltext17                                            text17       000000
__Ltext18                                            text18       000000
__Ltext19                                            text19       000000
__Ltext2                                             text2        000000
__Ltext20                                            text20       000000
__Ltext21                                            text21       000000
__Ltext22                                            text22       000000
__Ltext23                                            text23       000000
__Ltext24                                            text24       000000
__Ltext25                                            text25       000000
__Ltext26                                            text26       000000
__Ltext27                                            text27       000000
__Ltext28                                            text28       000000
__Ltext29                                            text29       000000
__Ltext3                                             text3        000000
__Ltext30                                            text30       000000
__Ltext31                                            text31       000000
__Ltext32                                            text32       000000
__Ltext33                                            text33       000000
__Ltext34                                            text34       000000
__Ltext35                                            text35       000000
__Ltext36                                            text36       000000
__Ltext37                                            text37       000000
__Ltext38                                            text38       000000
__Ltext39                                            text39       000000
__Ltext4                                             text4        000000
__Ltext40                                            text40       000000
__Ltext41                                            text41       000000
__Ltext42                                            text42       000000
__Ltext44                                            text44       000000
__Ltext45                                            text45       000000
__Ltext46                                            text46       000000
__Ltext47                                            text47       000000
__Ltext48                                            text48       000000
__Ltext49                                            text49       000000
__Ltext5                                             text5        000000
__Ltext50                                            text50       000000
__Ltext51                                            text51       000000
__Ltext52                                            text52       000000
__Ltext53                                            text53       000000
__Ltext54                                            text54       000000
__Ltext55                                            text55       000000
__Ltext56                                            text56       000000
__Ltext6                                             text6        000000
__Ltext7                                             text7        000000
__Ltext8                                             text8        000000
__Ltext9                                             text9        000000
__S0                                                 (abs)        011002
__S1                                                 (abs)        0000AF
__S4                                                 (abs)        000000
__S5                                                 (abs)        000000
___awdiv                                             text29       010806
___awdiv@counter                                     cstackCOMRAM 00000D
___awdiv@dividend                                    cstackCOMRAM 000009
___awdiv@divisor                                     cstackCOMRAM 00000B
___awdiv@quotient                                    cstackCOMRAM 00000F
___awdiv@sign                                        cstackCOMRAM 00000E
___awmod                                             text28       010982
___awmod@counter                                     cstackCOMRAM 00000D
___awmod@dividend                                    cstackCOMRAM 000009
___awmod@divisor                                     cstackCOMRAM 00000B
___awmod@sign                                        cstackCOMRAM 00000E
___heap_hi                                           (abs)        000000
___heap_lo                                           (abs)        000000
___inthi_sp                                          stack        000000
___inthi_stack_hi                                    stack        000000
___inthi_stack_lo                                    stack        000000
___intlo_sp                                          stack        000000
___intlo_stack_hi                                    stack        000000
___intlo_stack_lo                                    stack        000000
___param_bank                                        (abs)        000000
___rparam_used                                       (abs)        000001
___sp                                                stack        000000
___stack_hi                                          stack        000000
___stack_lo                                          stack        000000
__accesstop                                          (abs)        000060
__activetblptr                                       (abs)        000003
__end_of_ADCC_DefaultADTI_ISR                        text54       011002
__end_of_ADCC_HasErrorCrossedLowerThreshold          text42       010F62
__end_of_ADCC_HasErrorCrossedUpperThreshold          text41       010F4E
__end_of_ADCC_Initialize                             text17       010B1E
__end_of_ADCC_Initialize_AverageMode                 text40       010DAE
__end_of_ADCC_Initialize_BasicMode                   text39       010F24
__end_of_ADCC_Initialize_BurstAverageMode            text38       010D7E
__end_of_ADCC_Initialize_LowPassFilterMode           text37       010EF4
__end_of_ADCC_SetADTIInterruptHandler                text18       010FC8
__end_of_ADCC_SetChannel                             text36       010FD0
__end_of_ADCC_ThresholdISR                           text53       010C84
__end_of_ADCUserInterrupt                            text55       010FE8
__end_of_ApplicationTask                             text19       010472
__end_of_CLOCK_Initialize                            text16       010F0C
__end_of_EUSART1_DefaultFramingErrorCallback         text52       011000
__end_of_EUSART1_DefaultOverrunErrorCallback         text51       010FE2
__end_of_EUSART1_FramingErrorCallbackRegister        text15       010E7E
__end_of_EUSART1_Initialize                          text11       010AB4
__end_of_EUSART1_IsTxReady                           text26       010F3A
__end_of_EUSART1_OverrunErrorCallbackRegister        text14       010E5C
__end_of_EUSART1_ReceiveISR                          text50       01073C
__end_of_EUSART1_RxCompleteCallbackRegister          text13       010E3A
__end_of_EUSART1_TransmitISR                         text49       010D1E
__end_of_EUSART1_TxCompleteCallbackRegister          text12       010E18
__end_of_EUSART1_Write                               text25       010C08
__end_of_INT0_SetInterruptHandler                    text10       010FBA
__end_of_INT1_SetInterruptHandler                    text9        010FAC
__end_of_INT2_SetInterruptHandler                    text8        010F9E
__end_of_INTERRUPT_Initialize                        text7        010C4E
__end_of_INTERRUPT_InterruptManager                  intcode      00012E
__end_of_PIN_MANAGER_IOC                             text48       010FFE
__end_of_PIN_MANAGER_Initialize                      text6        010982
__end_of_SYSTEM_Initialize                           text1        010E9C
__end_of_TMR0_DefaultOverflowCallback                text46       010FFA
__end_of_TMR0_Initialize                             text5        010DD4
__end_of_TMR0_OverflowCallbackRegister               text3        010F82
__end_of_TMR0_Reload                                 text34       010FD6
__end_of_TMR0_Start                                  text32       010FF4
__end_of_TMR0_Stop                                   text30       010FEC
__end_of_TMR4UserInterrupt                           text45       010F74
__end_of_TMR4_DefaultOverflowCallback                text47       010FFC
__end_of_TMR4_ISR                                    text44       010CEC
__end_of_TMR4_Initialize                             text2        010D4E
__end_of_TMR4_OverflowCallbackRegister               text4        010F90
__end_of_TMR4_PeriodCountSet                         text35       010FDC
__end_of_TMR4_Start                                  text33       010FF8
__end_of_TMR4_Stop                                   text31       010FF0
__end_of_Timer0                                      mediumconst  00FF45
__end_of_Timer4                                      mediumconst  00FF57
__end_of_UART1                                       mediumconst  00FF33
__end_of___awdiv                                     text29       0108CA
__end_of___awmod                                     text28       010A32
__end_of__initialization                             cinit        010DEC
__end_of_abs                                         text27       010CB8
__end_of_fputc                                       text23       010806
__end_of_main                                        text0        010B76
__end_of_printf                                      text20       010EBA
__end_of_putch                                       text24       010ED8
__end_of_vfpfcnvrt                                   text22       010660
__end_of_vfprintf                                    text21       010BC0
__initialization                                     cinit        010DD4
__mediumconst                                        mediumconst  00FEEA
__pbssBANK0                                          bssBANK0     000060
__pbssCOMRAM                                         bssCOMRAM    00002D
__pcinit                                             cinit        010DD4
__pcstackBANK0                                       cstackBANK0  0000A4
__pcstackCOMRAM                                      cstackCOMRAM 000001
__pintcode                                           intcode      000008
__pmediumconst                                       mediumconst  00FEEA
__pnvBANK0                                           nvBANK0      0000AC
__ptext0                                             text0        010B1E
__ptext1                                             text1        010E7E
__ptext10                                            text10       010FAC
__ptext11                                            text11       010A32
__ptext12                                            text12       010DF6
__ptext13                                            text13       010E18
__ptext14                                            text14       010E3A
__ptext15                                            text15       010E5C
__ptext16                                            text16       010EF4
__ptext17                                            text17       010AB4
__ptext18                                            text18       010FBA
__ptext19                                            text19       010000
__ptext2                                             text2        010D1E
__ptext20                                            text20       010E9C
__ptext21                                            text21       010B76
__ptext22                                            text22       010472
__ptext23                                            text23       01073C
__ptext24                                            text24       010EBA
__ptext25                                            text25       010BC0
__ptext26                                            text26       010F24
__ptext27                                            text27       010C84
__ptext28                                            text28       010982
__ptext29                                            text29       010806
__ptext3                                             text3        010F74
__ptext30                                            text30       010FE8
__ptext31                                            text31       010FEC
__ptext32                                            text32       010FF0
__ptext33                                            text33       010FF4
__ptext34                                            text34       010FD0
__ptext35                                            text35       010FD6
__ptext36                                            text36       010FC8
__ptext37                                            text37       010ED8
__ptext38                                            text38       010D4E
__ptext39                                            text39       010F0C
__ptext4                                             text4        010F82
__ptext40                                            text40       010D7E
__ptext41                                            text41       010F3A
__ptext42                                            text42       010F4E
__ptext44                                            text44       010CB8
__ptext45                                            text45       010F62
__ptext46                                            text46       010FF8
__ptext47                                            text47       010FFA
__ptext48                                            text48       010FFC
__ptext49                                            text49       010CEC
__ptext5                                             text5        010DAE
__ptext50                                            text50       010660
__ptext51                                            text51       010FDC
__ptext52                                            text52       010FFE
__ptext53                                            text53       010C4E
__ptext54                                            text54       011000
__ptext55                                            text55       010FE2
__ptext56                                            text56       000000
__ptext6                                             text6        0108CA
__ptext7                                             text7        010C08
__ptext8                                             text8        010F90
__ptext9                                             text9        010F9E
__ramtop                                             ramtop       000F00
__smallconst                                         smallconst   000000
_abs                                                 text27       010C84
_adcReadyFlag                                        bssCOMRAM    00004F
_avgModeInit                                         bssCOMRAM    00004D
_basicModeInit                                       bssCOMRAM    00004E
_burstAvgModeInit                                    bssCOMRAM    00004C
_count                                               bssCOMRAM    000050
_dbuf                                                bssBANK0     000060
_eusart1RxBuffer                                     bssBANK0     000090
_eusart1RxCount                                      bssCOMRAM    000051
_eusart1RxHead                                       bssCOMRAM    000053
_eusart1RxLastError                                  bssCOMRAM    000048
_eusart1RxStatusBuffer                               bssBANK0     000080
_eusart1RxTail                                       bssCOMRAM    000052
_eusart1TxBuffer                                     bssBANK0     000098
_eusart1TxBufferRemaining                            bssCOMRAM    000054
_eusart1TxHead                                       bssCOMRAM    000056
_eusart1TxTail                                       bssCOMRAM    000055
_flags                                               bssCOMRAM    00004A
_fputc                                               text23       01073C
_lpfModeInit                                         bssCOMRAM    00004B
_main                                                text0        010B1E
_prec                                                bssBANK0     0000A2
_printf                                              text20       010E9C
_putch                                               text24       010EBA
_vfpfcnvrt                                           text22       010472
_vfprintf                                            text21       010B76
_width                                               bssBANK0     0000A0
abs@a                                                cstackCOMRAM 00000F
btemp                                                temp         000057
end_of_initialization                                cinit        010DEC
fputc@c                                              cstackCOMRAM 00000C
fputc@fp                                             cstackCOMRAM 00000E
int$flags                                            temp         000057
intlevel0                                            text         000000
intlevel1                                            text         000000
intlevel2                                            text         000000
intlevel3                                            text         000000
isa$std                                              (abs)        000001
isa$xinst                                            (abs)        000000
printf@ap                                            cstackCOMRAM 00002A
printf@fmt                                           cstackBANK0  0000A4
putch@txData                                         cstackCOMRAM 00000B
stackhi                                              (abs)        000000
stacklo                                              (abs)        000000
start                                                init         00012E
start_initialization                                 cinit        010DD4
ttemp5                                               temp         000058
ttemp6                                               temp         00005B
ttemp7                                               temp         00005F
vfpfcnvrt@ap                                         cstackCOMRAM 000018
vfpfcnvrt@c                                          cstackCOMRAM 000022
vfpfcnvrt@convarg                                    cstackCOMRAM 00001E
vfpfcnvrt@cp                                         cstackCOMRAM 00001C
vfpfcnvrt@done                                       cstackCOMRAM 00001B
vfpfcnvrt@fmt                                        cstackCOMRAM 000017
vfpfcnvrt@fp                                         cstackCOMRAM 000015
vfprintf@ap                                          cstackCOMRAM 000027
vfprintf@cfmt                                        cstackCOMRAM 000028
vfprintf@fmt                                         cstackCOMRAM 000025
vfprintf@fp                                          cstackCOMRAM 000023
wtemp8                                               temp         000058


MODULE INFORMATION

Module		Function		Class		Link	Load	Size
mcc_generated_files/system/src/interrupt.c
		_INT0_SetInterruptHandler		CODE           	10FAC	0000	14
		_INT1_SetInterruptHandler		CODE           	10F9E	0000	14
		_INT2_SetInterruptHandler		CODE           	10F90	0000	14
		_INTERRUPT_Initialize		CODE           	10C08	0000	70
		_INTERRUPT_InterruptManager		CODE           	0008	0000	294

mcc_generated_files/system/src/interrupt.c estimated size: 406

mcc_generated_files/adc/src/adcc.c
		_ADCC_HasErrorCrossedLowerThreshold		CODE           	10F4E	0000	20
		_ADCC_DefaultADTI_ISR		CODE           	11000	0000	2
		_ADCC_HasErrorCrossedUpperThreshold		CODE           	10F3A	0000	20
		_ADCC_SetADTIInterruptHandler		CODE           	10FBA	0000	14
		_ADCC_ThresholdISR		CODE           	10C4E	0000	54
		_ADCC_Initialize		CODE           	10AB4	0000	106

mcc_generated_files/adc/src/adcc.c estimated size: 216

C:\Program Files\Microchip\xc8\v2.45\pic\sources\c99\common\printf.c
		_printf        		CODE           	10E9C	0000	30

C:\Program Files\Microchip\xc8\v2.45\pic\sources\c99\common\printf.c estimated size: 30

mcc_generated_files/system/src/pins.c
		_PIN_MANAGER_Initialize		CODE           	108CA	0000	184
		_PIN_MANAGER_IOC		CODE           	10FFC	0000	2

mcc_generated_files/system/src/pins.c estimated size: 186

C:\Program Files\Microchip\xc8\v2.45\pic\sources\c99\common\awmod.c
		___awmod       		CODE           	10982	0000	176

C:\Program Files\Microchip\xc8\v2.45\pic\sources\c99\common\awmod.c estimated size: 176

shared
		_Timer4        		MEDIUMCONST    	FF45	0000	18
		__initialization		CODE           	10DD4	0000	24
		_UART1         		MEDIUMCONST    	FEEB	0000	72
		_Timer0        		MEDIUMCONST    	FF33	0000	18

shared estimated size: 132

C:\Program Files\Microchip\xc8\v2.45\pic\sources\c99\common\abs.c
		_abs           		CODE           	10C84	0000	52

C:\Program Files\Microchip\xc8\v2.45\pic\sources\c99\common\abs.c estimated size: 52

mcc_generated_files/timer/src/tmr4.c
		_TMR4_ISR      		CODE           	10CB8	0000	52
		_TMR4_PeriodCountSet		CODE           	10FD6	0000	6
		_TMR4_Initialize		CODE           	10D1E	0000	48
		_TMR4_Stop     		CODE           	10FEC	0000	4
		_TMR4_Start    		CODE           	10FF4	0000	4
		_TMR4_OverflowCallbackRegister		CODE           	10F82	0000	14
		_TMR4_DefaultOverflowCallback		CODE           	10FFA	0000	2

mcc_generated_files/timer/src/tmr4.c estimated size: 130

mcc_generated_files/system/src/clock.c
		_CLOCK_Initialize		CODE           	10EF4	0000	24

mcc_generated_files/system/src/clock.c estimated size: 24

mcc_generated_files/timer/src/tmr0.c
		_TMR0_OverflowCallbackRegister		CODE           	10F74	0000	14
		_TMR0_Reload   		CODE           	10FD0	0000	6
		_TMR0_DefaultOverflowCallback		CODE           	10FF8	0000	2
		_TMR0_Initialize		CODE           	10DAE	0000	38
		_TMR0_Stop     		CODE           	10FE8	0000	4
		_TMR0_Start    		CODE           	10FF0	0000	4

mcc_generated_files/timer/src/tmr0.c estimated size: 68

application.c
		_ADCC_Initialize_AverageMode		CODE           	10D7E	0000	48
		_ADCUserInterrupt		CODE           	10FE2	0000	6
		_ADCC_Initialize_BurstAverageMode		CODE           	10D4E	0000	48
		_ApplicationTask		CODE           	10000	0000	1138
		_ADCC_Initialize_BasicMode		CODE           	10F0C	0000	24
		_TMR4UserInterrupt		CODE           	10F62	0000	18
		_ADCC_SetChannel		CODE           	10FC8	0000	8
		_ADCC_Initialize_LowPassFilterMode		CODE           	10ED8	0000	28

application.c estimated size: 1318

main.c
		_main          		CODE           	10B1E	0000	88

main.c estimated size: 88

C:\Program Files\Microchip\xc8\v2.45\pic\sources\c99\common\nf_fputc.c
		_fputc         		CODE           	1073C	0000	202

C:\Program Files\Microchip\xc8\v2.45\pic\sources\c99\common\nf_fputc.c estimated size: 202

mcc_generated_files/uart/src/eusart1.c
		_EUSART1_Initialize		CODE           	10A32	0000	130
		_EUSART1_ReceiveISR		CODE           	10660	0000	220
		_EUSART1_RxCompleteCallbackRegister		CODE           	10E18	0000	34
		_EUSART1_TxCompleteCallbackRegister		CODE           	10DF6	0000	34
		_putch         		CODE           	10EBA	0000	30
		_EUSART1_DefaultFramingErrorCallback		CODE           	10FFE	0000	2
		_EUSART1_Write 		CODE           	10BC0	0000	72
		_EUSART1_TransmitISR		CODE           	10CEC	0000	50
		_EUSART1_FramingErrorCallbackRegister		CODE           	10E5C	0000	34
		_EUSART1_IsTxReady		CODE           	10F24	0000	22
		_EUSART1_OverrunErrorCallbackRegister		CODE           	10E3A	0000	34
		_EUSART1_DefaultOverrunErrorCallback		CODE           	10FDC	0000	6

mcc_generated_files/uart/src/eusart1.c estimated size: 668

C:\Program Files\Microchip\xc8\v2.45\pic\sources\c99\common\doprnt.c
		_vfpfcnvrt     		CODE           	10472	0000	494
		_vfprintf      		CODE           	10B76	0000	74

C:\Program Files\Microchip\xc8\v2.45\pic\sources\c99\common\doprnt.c estimated size: 568

C:\Program Files\Microchip\xc8\v2.45\pic\sources\c99\common\awdiv.c
		___awdiv       		CODE           	10806	0000	196

C:\Program Files\Microchip\xc8\v2.45\pic\sources\c99\common\awdiv.c estimated size: 196

mcc_generated_files/system/src/system.c
		_SYSTEM_Initialize		CODE           	10E7E	0000	30

mcc_generated_files/system/src/system.c estimated size: 30

